[    0.000000] Initializing cgroup subsys cpuset
[    0.000000] Initializing cgroup subsys cpu
[    0.000000] Initializing cgroup subsys cpuacct
[    0.000000] Linux version 4.4.0-185-generic (buildd@lgw01-amd64-017) (gcc version 5.4.0 20160609 (Ubuntu 5.4.0-6ubuntu1~16.04.12) ) #215-Ubuntu SMP Mon Jun 8 21:53:19 UTC 2020 (Ubuntu 4.4.0-185.215-generic 4.4.224)
[    0.000000] Command line: BOOT_IMAGE=/boot/vmlinuz-4.4.0-185-generic root=LABEL=cloudimg-rootfs ro console=tty1 console=ttyS0
[    0.000000] KERNEL supported cpus:
[    0.000000]   Intel GenuineIntel
[    0.000000]   AMD AuthenticAMD
[    0.000000]   Centaur CentaurHauls
[    0.000000] x86/fpu: xstate_offset[2]:  576, xstate_sizes[2]:  256
[    0.000000] x86/fpu: Supporting XSAVE feature 0x01: 'x87 floating point registers'
[    0.000000] x86/fpu: Supporting XSAVE feature 0x02: 'SSE registers'
[    0.000000] x86/fpu: Supporting XSAVE feature 0x04: 'AVX registers'
[    0.000000] x86/fpu: Enabled xstate features 0x7, context size is 832 bytes, using 'standard' format.
[    0.000000] e820: BIOS-provided physical RAM map:
[    0.000000] BIOS-e820: [mem 0x0000000000000000-0x000000000009fbff] usable
[    0.000000] BIOS-e820: [mem 0x000000000009fc00-0x000000000009ffff] reserved
[    0.000000] BIOS-e820: [mem 0x00000000000f0000-0x00000000000fffff] reserved
[    0.000000] BIOS-e820: [mem 0x0000000000100000-0x000000003ffeffff] usable
[    0.000000] BIOS-e820: [mem 0x000000003fff0000-0x000000003fffffff] ACPI data
[    0.000000] BIOS-e820: [mem 0x00000000fec00000-0x00000000fec00fff] reserved
[    0.000000] BIOS-e820: [mem 0x00000000fee00000-0x00000000fee00fff] reserved
[    0.000000] BIOS-e820: [mem 0x00000000fffc0000-0x00000000ffffffff] reserved
[    0.000000] NX (Execute Disable) protection: active
[    0.000000] SMBIOS 2.5 present.
[    0.000000] Hypervisor detected: KVM
[    0.000000] e820: last_pfn = 0x3fff0 max_arch_pfn = 0x400000000
[    0.000000] MTRR: Disabled
[    0.000000] x86/PAT: MTRRs disabled, skipping PAT initialization too.
[    0.000000] CPU MTRRs all blank - virtualized system.
[    0.000000] x86/PAT: Configuration [0-7]: WB  WT  UC- UC  WB  WT  UC- UC  
[    0.000000] found SMP MP-table at [mem 0x0009fff0-0x0009ffff] mapped at [ffff88000009fff0]
[    0.000000] Scanning 1 areas for low memory corruption
[    0.000000] RAMDISK: [mem 0x362e0000-0x37167fff]
[    0.000000] ACPI: Early table checksum verification disabled
[    0.000000] ACPI: RSDP 0x00000000000E0000 000024 (v02 VBOX  )
[    0.000000] ACPI: XSDT 0x000000003FFF0030 00003C (v01 VBOX   VBOXXSDT 00000001 ASL  00000061)
[    0.000000] ACPI: FACP 0x000000003FFF00F0 0000F4 (v04 VBOX   VBOXFACP 00000001 ASL  00000061)
[    0.000000] ACPI: DSDT 0x000000003FFF0470 002325 (v02 VBOX   VBOXBIOS 00000002 INTL 20100528)
[    0.000000] ACPI: FACS 0x000000003FFF0200 000040
[    0.000000] ACPI: FACS 0x000000003FFF0200 000040
[    0.000000] ACPI: APIC 0x000000003FFF0240 00005C (v02 VBOX   VBOXAPIC 00000001 ASL  00000061)
[    0.000000] ACPI: SSDT 0x000000003FFF02A0 0001CC (v01 VBOX   VBOXCPUT 00000002 INTL 20100528)
[    0.000000] No NUMA configuration found
[    0.000000] Faking a node at [mem 0x0000000000000000-0x000000003ffeffff]
[    0.000000] NODE_DATA(0) allocated [mem 0x3ffeb000-0x3ffeffff]
[    0.000000] kvm-clock: Using msrs 4b564d01 and 4b564d00
[    0.000000] kvm-clock: cpu 0, msr 0:3ffe3001, primary cpu clock
[    0.000000] kvm-clock: using sched offset of 7411679942 cycles
[    0.000000] clocksource: kvm-clock: mask: 0xffffffffffffffff max_cycles: 0x1cd42e4dffb, max_idle_ns: 881590591483 ns
[    0.000000] Zone ranges:
[    0.000000]   DMA      [mem 0x0000000000001000-0x0000000000ffffff]
[    0.000000]   DMA32    [mem 0x0000000001000000-0x000000003ffeffff]
[    0.000000]   Normal   empty
[    0.000000]   Device   empty
[    0.000000] Movable zone start for each node
[    0.000000] Early memory node ranges
[    0.000000]   node   0: [mem 0x0000000000001000-0x000000000009efff]
[    0.000000]   node   0: [mem 0x0000000000100000-0x000000003ffeffff]
[    0.000000] Initmem setup node 0 [mem 0x0000000000001000-0x000000003ffeffff]
[    0.000000] ACPI: PM-Timer IO Port: 0x4008
[    0.000000] IOAPIC[0]: apic_id 2, version 32, address 0xfec00000, GSI 0-23
[    0.000000] ACPI: INT_SRC_OVR (bus 0 bus_irq 0 global_irq 2 dfl dfl)
[    0.000000] ACPI: INT_SRC_OVR (bus 0 bus_irq 9 global_irq 9 low level)
[    0.000000] Using ACPI (MADT) for SMP configuration information
[    0.000000] smpboot: Allowing 2 CPUs, 0 hotplug CPUs
[    0.000000] PM: Registered nosave memory: [mem 0x00000000-0x00000fff]
[    0.000000] PM: Registered nosave memory: [mem 0x0009f000-0x0009ffff]
[    0.000000] PM: Registered nosave memory: [mem 0x000a0000-0x000effff]
[    0.000000] PM: Registered nosave memory: [mem 0x000f0000-0x000fffff]
[    0.000000] e820: [mem 0x40000000-0xfebfffff] available for PCI devices
[    0.000000] Booting paravirtualized kernel on KVM
[    0.000000] clocksource: refined-jiffies: mask: 0xffffffff max_cycles: 0xffffffff, max_idle_ns: 7645519600211568 ns
[    0.000000] setup_percpu: NR_CPUS:512 nr_cpumask_bits:512 nr_cpu_ids:2 nr_node_ids:1
[    0.000000] PERCPU: Embedded 33 pages/cpu @ffff88003fc00000 s95448 r8192 d31528 u1048576
[    0.000000] Built 1 zonelists in Node order, mobility grouping on.  Total pages: 257912
[    0.000000] Policy zone: DMA32
[    0.000000] Kernel command line: BOOT_IMAGE=/boot/vmlinuz-4.4.0-185-generic root=LABEL=cloudimg-rootfs ro console=tty1 console=ttyS0
[    0.000000] PID hash table entries: 4096 (order: 3, 32768 bytes)
[    0.000000] Memory: 997672K/1048120K available (8632K kernel code, 1336K rwdata, 4036K rodata, 1488K init, 1292K bss, 50448K reserved, 0K cma-reserved)
[    0.000000] SLUB: HWalign=64, Order=0-3, MinObjects=0, CPUs=2, Nodes=1
[    0.000000] Kernel/User page tables isolation: enabled
[    0.000000] Hierarchical RCU implementation.
[    0.000000] 	Build-time adjustment of leaf fanout to 64.
[    0.000000] 	RCU restricting CPUs from NR_CPUS=512 to nr_cpu_ids=2.
[    0.000000] RCU: Adjusting geometry for rcu_fanout_leaf=64, nr_cpu_ids=2
[    0.000000] NR_IRQS:33024 nr_irqs:440 16
[    0.000000] Console: colour VGA+ 80x25
[    0.000000] console [tty1] enabled
[    0.000000] console [ttyS0] enabled
[    0.000000] tsc: Detected 2303.998 MHz processor
[    0.907692] Calibrating delay loop (skipped) preset value.. 4607.99 BogoMIPS (lpj=9215992)
[    0.920878] pid_max: default: 32768 minimum: 301
[    0.928925] ACPI: Core revision 20150930
[    0.944121] ACPI: 2 ACPI AML tables successfully acquired and loaded
[    0.957131] Security Framework initialized
[    0.964648] Yama: becoming mindful.
[    0.970391] AppArmor: AppArmor initialized
[    0.977493] Dentry cache hash table entries: 131072 (order: 8, 1048576 bytes)
[    1.003073] Inode-cache hash table entries: 65536 (order: 7, 524288 bytes)
[    1.012485] Mount-cache hash table entries: 2048 (order: 2, 16384 bytes)
[    1.022541] Mountpoint-cache hash table entries: 2048 (order: 2, 16384 bytes)
[    1.031723] Initializing cgroup subsys io
[    1.037884] Initializing cgroup subsys memory
[    1.043871] Initializing cgroup subsys devices
[    1.050282] Initializing cgroup subsys freezer
[    1.055495] Initializing cgroup subsys net_cls
[    1.059977] Initializing cgroup subsys perf_event
[    1.064782] Initializing cgroup subsys net_prio
[    1.070383] Initializing cgroup subsys hugetlb
[    1.078821] Initializing cgroup subsys pids
[    1.089479] mce: CPU supports 0 MCE banks
[    1.096672] Last level iTLB entries: 4KB 64, 2MB 8, 4MB 8
[    1.104954] Last level dTLB entries: 4KB 64, 2MB 0, 4MB 0, 1GB 4
[    1.113783] Spectre V1 : Mitigation: usercopy/swapgs barriers and __user pointer sanitization
[    1.124186] Spectre V2 : Mitigation: Full generic retpoline
[    1.129327] Spectre V2 : Spectre v2 / SpectreRSB mitigation: Filling RSB on context switch
[    1.141549] Speculative Store Bypass: Vulnerable
[    1.147922] SRBDS: Unknown: Dependent on hypervisor status
[    1.154988] MDS: Vulnerable: Clear CPU buffers attempted, no microcode
[    1.174926] Freeing SMP alternatives memory: 36K
[    1.211224] ftrace: allocating 32322 entries in 127 pages
[    1.469615] smpboot: APIC(0) Converting physical 0 to logical package 0
[    1.475662] smpboot: Max logical packages: 1
[    1.481180] x2apic enabled
[    1.490232] Switched APIC routing to physical x2apic.
[    1.500933] ..TIMER: vector=0x30 apic1=0 pin1=2 apic2=-1 pin2=-1
[    1.615010] smpboot: CPU0: Intel(R) Core(TM) i3-6100U CPU @ 2.30GHz (family: 0x6, model: 0x4e, stepping: 0x3)
[    1.625417] Performance Events: unsupported p6 CPU model 78 no PMU driver, software events only.
[    1.677217] KVM setup paravirtual spinlock
[    1.685404] x86: Booting SMP configuration:
[    1.691387] .... node  #0, CPUs:      #1
[    1.697451] kvm-clock: cpu 1, msr 0:3ffe3041, secondary cpu clock
[    1.704594] mce: CPU supports 0 MCE banks
[    1.709694] x86: Booted up 1 node, 2 CPUs
[    1.714864] smpboot: Total of 2 processors activated (9215.99 BogoMIPS)
[    1.722544] devtmpfs: initialized
[    1.731425] evm: security.selinux
[    1.735068] evm: security.SMACK64
[    1.738678] evm: security.SMACK64EXEC
[    1.743017] evm: security.SMACK64TRANSMUTE
[    1.747030] evm: security.SMACK64MMAP
[    1.751028] evm: security.ima
[    1.754354] evm: security.capability
[    1.758830] clocksource: jiffies: mask: 0xffffffff max_cycles: 0xffffffff, max_idle_ns: 7645041785100000 ns
[    1.768670] futex hash table entries: 512 (order: 3, 32768 bytes)
[    1.774955] pinctrl core: initialized pinctrl subsystem
[    1.780140] RTC time: 14:24:40, date: 07/17/20
[    1.785605] NET: Registered protocol family 16
[    1.802946] cpuidle: using governor ladder
[    1.819010] cpuidle: using governor menu
[    1.823571] PCCT header not found.
[    1.827634] ACPI: bus type PCI registered
[    1.832060] acpiphp: ACPI Hot Plug PCI Controller Driver version: 0.5
[    1.839452] PCI: Using configuration type 1 for base access
[    1.861061] ACPI: Added _OSI(Module Device)
[    1.866026] ACPI: Added _OSI(Processor Device)
[    1.870272] ACPI: Added _OSI(3.0 _SCP Extensions)
[    1.874969] ACPI: Added _OSI(Processor Aggregator Device)
[    1.883146] ACPI: Executed 1 blocks of module-level executable AML code
[    1.898777] ACPI: Interpreter enabled
[    1.902738] ACPI: (supports S0 S5)
[    1.906910] ACPI: Using IOAPIC for interrupt routing
[    1.912487] PCI: Using host bridge windows from ACPI; if necessary, use "pci=nocrs" and report a bug
[    1.937873] ACPI: PCI Root Bridge [PCI0] (domain 0000 [bus 00-ff])
[    1.943491] acpi PNP0A03:00: _OSC: OS supports [ASPM ClockPM Segments MSI]
[    1.951075] acpi PNP0A03:00: _OSC: not requesting OS control; OS requires [ExtendedConfig ASPM ClockPM MSI]
[    1.960629] acpi PNP0A03:00: fail to add MMCONFIG information, can't access extended PCI configuration space under this bridge.
[    1.972812] PCI host bridge to bus 0000:00
[    1.977349] pci_bus 0000:00: root bus resource [io  0x0000-0x0cf7 window]
[    1.983504] pci_bus 0000:00: root bus resource [io  0x0d00-0xffff window]
[    1.989586] pci_bus 0000:00: root bus resource [mem 0x000a0000-0x000bffff window]
[    1.997254] pci_bus 0000:00: root bus resource [mem 0x40000000-0xfdffffff window]
[    2.005053] pci_bus 0000:00: root bus resource [bus 00-ff]
[    2.018990] pci 0000:00:01.1: legacy IDE quirk: reg 0x10: [io  0x01f0-0x01f7]
[    2.027328] pci 0000:00:01.1: legacy IDE quirk: reg 0x14: [io  0x03f6]
[    2.033620] pci 0000:00:01.1: legacy IDE quirk: reg 0x18: [io  0x0170-0x0177]
[    2.093197] pci 0000:00:01.1: legacy IDE quirk: reg 0x1c: [io  0x0376]
[    2.150415] pci 0000:00:07.0: quirk: [io  0x4000-0x403f] claimed by PIIX4 ACPI
[    2.160776] pci 0000:00:07.0: quirk: [io  0x4100-0x410f] claimed by PIIX4 SMB
[    2.188063] ACPI: PCI Interrupt Link [LNKA] (IRQs 5 9 10 *11)
[    2.198470] ACPI: PCI Interrupt Link [LNKB] (IRQs 5 9 *10 11)
[    2.208530] ACPI: PCI Interrupt Link [LNKC] (IRQs 5 *9 10 11)
[    2.218021] ACPI: PCI Interrupt Link [LNKD] (IRQs 5 9 10 *11)
[    2.228035] ACPI: Enabled 2 GPEs in block 00 to 07
[    2.236273] vgaarb: setting as boot device: PCI:0000:00:02.0
[    2.242873] vgaarb: device added: PCI:0000:00:02.0,decodes=io+mem,owns=io+mem,locks=none
[    2.253488] vgaarb: loaded
[    2.261704] vgaarb: bridge control possible 0000:00:02.0
[    2.271292] SCSI subsystem initialized
[    2.277960] ACPI: bus type USB registered
[    2.284103] usbcore: registered new interface driver usbfs
[    2.290768] usbcore: registered new interface driver hub
[    2.298452] usbcore: registered new device driver usb
[    2.305919] PCI: Using ACPI for IRQ routing
[    2.324458] NetLabel: Initializing
[    2.329477] NetLabel:  domain hash size = 128
[    2.335567] NetLabel:  protocols = UNLABELED CIPSOv4
[    2.343000] NetLabel:  unlabeled traffic allowed by default
[    2.351459] amd_nb: Cannot enumerate AMD northbridges
[    2.357938] clocksource: Switched to clocksource kvm-clock
[    2.410711] AppArmor: AppArmor Filesystem Enabled
[    2.417494] pnp: PnP ACPI init
[    2.427787] pnp: PnP ACPI: found 3 devices
[    2.464938] clocksource: acpi_pm: mask: 0xffffff max_cycles: 0xffffff, max_idle_ns: 2085701024 ns
[    2.473385] NET: Registered protocol family 2
[    2.478278] TCP established hash table entries: 8192 (order: 4, 65536 bytes)
[    2.486175] TCP bind hash table entries: 8192 (order: 5, 131072 bytes)
[    2.495260] TCP: Hash tables configured (established 8192 bind 8192)
[    2.501005] UDP hash table entries: 512 (order: 2, 16384 bytes)
[    2.530055] UDP-Lite hash table entries: 512 (order: 2, 16384 bytes)
[    2.535966] NET: Registered protocol family 1
[    2.542083] pci 0000:00:00.0: Limiting direct PCI/PCI transfers
[    2.547913] pci 0000:00:01.0: Activating ISA DMA hang workarounds
[    2.554012] Unpacking initramfs...
[    3.486502] Freeing initrd memory: 14880K
[    3.494809] clocksource: tsc: mask: 0xffffffffffffffff max_cycles: 0x2135f5e6f15, max_idle_ns: 440795231538 ns
[    3.507977] platform rtc_cmos: registered platform RTC device (no PNP device found)
[    3.519066] Scanning for low memory corruption every 60 seconds
[    3.528142] audit: initializing netlink subsys (disabled)
[    3.535524] audit: type=2000 audit(1594995890.153:1): initialized
[    3.544847] Initialise system trusted keyring
[    3.551622] HugeTLB registered 2 MB page size, pre-allocated 0 pages
[    3.564650] zbud: loaded
[    3.571606] VFS: Disk quotas dquot_6.6.0
[    3.577096] VFS: Dquot-cache hash table entries: 512 (order 0, 4096 bytes)
[    3.585776] squashfs: version 4.0 (2009/01/31) Phillip Lougher
[    3.598145] fuse init (API version 7.23)
[    3.604351] Key type big_key registered
[    3.610324] Allocating IMA MOK and blacklist keyrings.
[    3.625148] Key type asymmetric registered
[    3.631875] Asymmetric key parser 'x509' registered
[    3.638298] Block layer SCSI generic (bsg) driver version 0.4 loaded (major 249)
[    3.650175] io scheduler noop registered
[    3.655370] io scheduler deadline registered (default)
[    3.662761] io scheduler cfq registered
[    3.668907] pci_hotplug: PCI Hot Plug PCI Core version: 0.5
[    3.676748] pciehp: PCI Express Hot Plug Controller Driver version: 0.4
[    3.685117] ACPI: AC Adapter [AC] (off-line)
[    3.690999] input: Power Button as /devices/LNXSYSTM:00/LNXPWRBN:00/input/input0
[    3.701733] ACPI: Power Button [PWRF]
[    3.707160] input: Sleep Button as /devices/LNXSYSTM:00/LNXSLPBN:00/input/input1
[    3.718631] ACPI: Sleep Button [SLPF]
[    3.726201] GHES: HEST is not enabled!
[    3.728589] ACPI: Battery Slot [BAT0] (battery present)
[    3.739102] Serial: 8250/16550 driver, 32 ports, IRQ sharing enabled
[    3.771417] 00:02: ttyS0 at I/O 0x3f8 (irq = 4, base_baud = 115200) is a 16550A
[    3.794155] Linux agpgart interface v0.103
[    3.807544] loop: module loaded
[    3.813478] scsi host0: ata_piix
[    3.818262] scsi host1: ata_piix
[    3.821994] ata1: PATA max UDMA/33 cmd 0x1f0 ctl 0x3f6 bmdma 0xd000 irq 14
[    3.828434] ata2: PATA max UDMA/33 cmd 0x170 ctl 0x376 bmdma 0xd008 irq 15
[    3.835416] libphy: Fixed MDIO Bus: probed
[    3.840582] tun: Universal TUN/TAP device driver, 1.6
[    3.845716] tun: (C) 1999-2004 Max Krasnyansky <maxk@qualcomm.com>
[    3.852315] PPP generic driver version 2.4.2
[    3.857253] ehci_hcd: USB 2.0 'Enhanced' Host Controller (EHCI) Driver
[    3.863491] ehci-pci: EHCI PCI platform driver
[    3.877959] ehci-platform: EHCI generic platform driver
[    3.883126] ohci_hcd: USB 1.1 'Open' Host Controller (OHCI) Driver
[    3.888742] ohci-pci: OHCI PCI platform driver
[    3.893609] ohci-platform: OHCI generic platform driver
[    3.899692] uhci_hcd: USB Universal Host Controller Interface driver
[    3.906027] i8042: PNP: PS/2 Controller [PNP0303:PS2K,PNP0f03:PS2M] at 0x60,0x64 irq 1,12
[    3.915989] serio: i8042 KBD port at 0x60,0x64 irq 1
[    3.920875] serio: i8042 AUX port at 0x60,0x64 irq 12
[    3.927191] mousedev: PS/2 mouse device common for all mice
[    3.934001] input: AT Translated Set 2 keyboard as /devices/platform/i8042/serio0/input/input2
[    3.939378] rtc_cmos rtc_cmos: rtc core: registered rtc_cmos as rtc0
[    3.939685] rtc_cmos rtc_cmos: alarms up to one day, 114 bytes nvram
[    3.939717] i2c /dev entries driver
[    3.939940] device-mapper: uevent: version 1.0.3
[    3.940167] device-mapper: ioctl: 4.34.0-ioctl (2015-10-28) initialised: dm-devel@redhat.com
[    3.940218] ledtrig-cpu: registered to indicate activity on CPUs
[    3.941440] NET: Registered protocol family 10
[    3.942192] NET: Registered protocol family 17
[    3.942226] Key type dns_resolver registered
[    3.943517] registered taskstats version 1
[    3.943565] Loading compiled-in X.509 certificates
[    3.946417] Loaded X.509 cert 'Build time autogenerated kernel key: 63b33e3df6fd3cb2c2f5596d77e3bacd7122c70c'
[    3.946482] zswap: loaded using pool lzo/zbud
[    3.951841] Key type trusted registered
[    3.963630] Key type encrypted registered
[    3.963649] AppArmor: AppArmor sha1 policy hashing enabled
[    3.963659] ima: No TPM chip found, activating TPM-bypass!
[    3.963677] ima: Allocated hash algorithm: sha1
[    3.963718] evm: HMAC attrs: 0x1
[    3.964951]   Magic number: 12:143:435
[    3.966069] rtc_cmos rtc_cmos: setting system clock to 2020-07-17 14:24:42 UTC (1594995882)
[    3.966324] BIOS EDD facility v0.16 2004-Jun-25, 0 devices found
[    3.966325] EDD information not available.
[    4.085841] Freeing unused kernel memory: 1488K
[    4.102868] Write protecting the kernel read-only data: 14336k
[    4.110820] Freeing unused kernel memory: 1596K
[    4.115844] Freeing unused kernel memory: 60K
Loading, please wait...
starting version 229
[    4.172932] random: systemd-udevd: uninitialized urandom read (16 bytes read, 5 bits of entropy available)
[    4.176685] random: udevadm: uninitialized urandom read (16 bytes read, 5 bits of entropy available)
[    4.176927] random: udevadm: uninitialized urandom read (16 bytes read, 5 bits of entropy available)
[    4.210915] random: systemd-udevd: uninitialized urandom read (16 bytes read, 5 bits of entropy available)
[    4.212820] random: udevadm: uninitialized urandom read (16 bytes read, 5 bits of entropy available)
[    4.213020] random: udevadm: uninitialized urandom read (16 bytes read, 5 bits of entropy available)
[    4.213630] random: udevadm: uninitialized urandom read (16 bytes read, 5 bits of entropy available)
[    4.214104] random: udevadm: uninitialized urandom read (16 bytes read, 5 bits of entropy available)
[    4.214316] random: udevadm: uninitialized urandom read (16 bytes read, 5 bits of entropy available)
[    4.214496] random: udevadm: uninitialized urandom read (16 bytes read, 5 bits of entropy available)
[    4.418983] e1000: Intel(R) PRO/1000 Network Driver - version 7.3.21-k8-NAPI
[    4.427974] e1000: Copyright (c) 1999-2006 Intel Corporation.
[    4.443708] Fusion MPT base driver 3.04.20
[    4.450442] Copyright (c) 1999-2008 LSI Corporation
[    4.509334] Fusion MPT SPI Host driver 3.04.20
[    4.582653] AVX2 version of gcm_enc/dec engaged.
[    4.589291] AES CTR mode by8 optimization enabled
[    4.718248] input: ImExPS/2 Generic Explorer Mouse as /devices/platform/i8042/serio1/input/input4
[    5.606345] e1000 0000:00:03.0 eth0: (PCI:33MHz:32-bit) 02:a0:c0:04:2d:c8
[    5.612461] e1000 0000:00:03.0 eth0: Intel(R) PRO/1000 Network Connection
[    5.621580] mptbase: ioc0: Initiating bringup
[    5.624025] e1000 0000:00:03.0 enp0s3: renamed from eth0
[    6.098914] ioc0: LSI53C1030 A0: Capabilities={Initiator}
[    8.495893] scsi host2: ioc0: LSI53C1030 A0, FwRev=00000000h, Ports=1, MaxQ=256, IRQ=20
[    9.903319] scsi 2:0:0:0: Direct-Access     VBOX     HARDDISK         1.0  PQ: 0 ANSI: 5
[    9.916979] scsi target2:0:0: Beginning Domain Validation
[    9.935038] scsi target2:0:0: Domain Validation skipping write tests
[    9.942365] scsi target2:0:0: Ending Domain Validation
[    9.949674] scsi target2:0:0: asynchronous
[    9.958069] scsi 2:0:1:0: Direct-Access     VBOX     HARDDISK         1.0  PQ: 0 ANSI: 5
[    9.966920] scsi target2:0:1: Beginning Domain Validation
[    9.981574] scsi target2:0:1: Domain Validation skipping write tests
[    9.988871] scsi target2:0:1: Ending Domain Validation
[   10.061679] scsi target2:0:1: asynchronous
[   10.100088] sd 2:0:0:0: [sda] 20971520 512-byte logical blocks: (10.7 GB/10.0 GiB)
[   10.109389] sd 2:0:0:0: Attached scsi generic sg0 type 0
[   10.111360] sd 2:0:0:0: [sda] Write Protect is off
[   10.111877] sd 2:0:0:0: [sda] Incomplete mode parameter data
[   10.111884] sd 2:0:0:0: [sda] Assuming drive cache: write through
[   10.136339] sd 2:0:1:0: Attached scsi generic sg1 type 0
[   10.143057] sd 2:0:1:0: [sdb] 20480 512-byte logical blocks: (10.5 MB/10.0 MiB)
[   10.152563]  sda: sda1
[   10.158363] sd 2:0:1:0: [sdb] Write Protect is off
[   10.166124] sd 2:0:1:0: [sdb] Incomplete mode parameter data
[   10.172233] sd 2:0:1:0: [sdb] Assuming drive cache: write through
[   10.179572] sd 2:0:0:0: [sda] Attached SCSI disk
[   10.208933] sd 2:0:1:0: [sdb] Attached SCSI disk
Begin: Loading essential drivers ... [   13.500764] md: linear personality registered for level -1
[   13.514786] md: multipath personality registered for level -4
[   13.528711] md: raid0 personality registered for level 0
[   13.546556] md: raid1 personality registered for level 1
[   13.630162] raid6: sse2x1   gen()  2494 MB/s
[   13.698458] raid6: sse2x1   xor()  1923 MB/s
[   13.766291] raid6: sse2x2   gen()  3468 MB/s
[   13.838059] raid6: sse2x2   xor()  2395 MB/s
[   13.906331] raid6: sse2x4   gen()  4064 MB/s
[   13.978032] raid6: sse2x4   xor()  2875 MB/s
[   14.046041] raid6: avx2x1   gen()  5412 MB/s
[   14.118117] raid6: avx2x2   gen()  6613 MB/s
[   14.186488] raid6: avx2x4   gen()  7125 MB/s
[   14.190811] raid6: using algorithm avx2x4 gen() 7125 MB/s
[   14.196755] raid6: using avx2x2 recovery algorithm
[   14.204759] xor: automatically using best checksumming function:
[   14.246021]    avx       :  6190.000 MB/sec
[   14.254914] async_tx: api initialized (async)
[   14.298693] md: raid6 personality registered for level 6
[   14.304358] md: raid5 personality registered for level 5
[   14.309555] md: raid4 personality registered for level 4
[   14.337914] md: raid10 personality registered for level 10
done.
Begin: Running /scripts/init-premount ... done.
Begin: Mounting root file system ... Begin: Running /scripts/local-top ... done.
Begin: Running /scripts/local-premount ... [   14.471339] Btrfs loaded
Scanning for Btrfs filesystems
done.
Warning: fsck not present, so skipping root file system
[   14.743286] EXT4-fs (sda1): mounted filesystem with ordered data mode. Opts: (null)
done.
Begin: Running /scripts/local-bottom ... done.
Begin: Running /scripts/init-bottom ... done.
[   15.201121] random: nonblocking pool is initialized
[   15.931322] systemd[1]: systemd 229 running in system mode. (+PAM +AUDIT +SELINUX +IMA +APPARMOR +SMACK +SYSVINIT +UTMP +LIBCRYPTSETUP +GCRYPT +GNUTLS +ACL +XZ -LZ4 +SECCOMP +BLKID +ELFUTILS +KMOD -IDN)
[   15.958517] systemd[1]: Detected virtualization oracle.
[   15.966152] systemd[1]: Detected architecture x86-64.

Welcome to [1mUbuntu 16.04.6 LTS[0m!

[   16.025108] systemd[1]: Set hostname to <ubuntu>.
[   16.060149] systemd[1]: Initializing machine ID from random generator.
[   16.069114] systemd[1]: Installed transient /etc/machine-id file.
[   17.578966] systemd[1]: Listening on Journal Socket (/dev/log).
[[0;32m  OK  [0m] Listening on Journal Socket (/dev/log).
[   17.590181] systemd[1]: Listening on Journal Socket.
[[0;32m  OK  [0m] Listening on Journal Socket.
[   17.599056] systemd[1]: Listening on udev Kernel Socket.
[[0;32m  OK  [0m] Listening on udev Kernel Socket.
[   17.608908] systemd[1]: Listening on Syslog Socket.
[[0;32m  OK  [0m] Listening on Syslog Socket.
[   17.618342] systemd[1]: Listening on LVM2 poll daemon socket.
[[0;32m  OK  [0m] Listening on LVM2 poll daemon socket.
[   17.628231] systemd[1]: Listening on LVM2 metadata daemon socket.
[[0;32m  OK  [0m] Listening on LVM2 metadata daemon socket.
[   17.642441] systemd[1]: Created slice System Slice.
[[0;32m  OK  [0m] Created slice System Slice.
[   17.666603] systemd[1]: Starting Create list of required static device nodes for the current kernel...
         Starting Create list of required st... nodes for the current kernel...
[   17.684708] systemd[1]: Listening on /dev/initctl Compatibility Named Pipe.
[[0;32m  OK  [0m] Listening on /dev/initctl Compatibility Named Pipe.
[   17.698784] systemd[1]: Reached target Swap.
[[0;32m  OK  [0m] Reached target Swap.
[   17.707325] systemd[1]: Set up automount Arbitrary Executable File Formats File System Automount Point.
[[0;32m  OK  [0m] Set up automount Arbitrary Executab...ats File System Automount Point.
[   17.752197] systemd[1]: Created slice system-serial\x2dgetty.slice.
[[0;32m  OK  [0m] Created slice system-serial\x2dgetty.slice.
[   17.763075] systemd[1]: Listening on udev Control Socket.
[[0;32m  OK  [0m] Listening on udev Control Socket.
[   17.775001] systemd[1]: Listening on Journal Audit Socket.
[[0;32m  OK  [0m] Listening on Journal Audit Socket.
[   17.807122] systemd[1]: Starting Load Kernel Modules...
         Starting Load Kernel Modules...
[   17.819603] systemd[1]: Started Trigger resolvconf update for networkd DNS.
[[0;32m  OK  [0m] Started Trigger resolvconf update for networkd DNS.
[   17.837052] systemd[1]: Mounting Debug File System...
         Mounting Debug File System...
[   17.849889] systemd[1]: Starting Journal Service...
         Starting Journal Service...
[   17.862154] systemd[1]: Reached target Encrypted Volumes.
[[0;32m  OK  [0m] Reached target Encrypted Volumes.
[   17.875874] systemd[1]: Mounting POSIX Message Queue File System...
         Mounting POSIX Message Queue File System...
[   17.890542] systemd[1]: Reached target User and Group Name Lookups.
[[0;32m  OK  [0m] Reached target User and Group Name Lookups.
[   17.912787] Loading iSCSI transport class v2.0-870.
[   17.927207] systemd[1]: Starting Uncomplicated firewall...
         Starting Uncomplicated firewall...
[   17.941367] systemd[1]: Starting Nameserver information manager...
         Starting Nameserver information manager...
[   17.957395] systemd[1]: Created slice User and Session Slice.
[[0;32m  OK  [0m] Created slice User and Session Slice.
[   17.970807] systemd[1]: Reached target Slices.
[[0;32m  OK  [0m] Reached target Slices.
[   17.998902] systemd[1]: Mounting Huge Pages File System...
         Mounting Huge Pages File System...
[   18.018593] systemd[1]: Reached target System Time Synchronized.
[[0;32m  OK  [0m] Reached target System Time Synchronized.
[   18.039924] iscsi: registered transport (tcp)
[   18.046918] systemd[1]: Starting Set console keymap...
         Starting Set console keymap...
[   18.062359] systemd[1]: Starting Remount Root and Kernel File Systems...
         Starting Remount Root and Kernel File Systems...
[   18.075198] systemd[1]: Listening on Device-mapper event daemon FIFOs.
[[0;32m  OK  [0m] Listening on Device-mapper event daemon FIFOs.
[   18.090342] systemd[1]: Starting Monitoring of LVM2 mirrors, snapshots etc. using dmeventd or progress polling...
[   18.103545] EXT4-fs (sda1): re-mounted. Opts: (null)
         Starting Monitoring of LVM2 mirrors... dmeventd or progress polling...
[   18.134942] systemd[1]: Started Forward Password Requests to Wall Directory Watch.
[[0;32m  OK  [0m] Started Forward Password Requests to Wall Directory Watch.
[   18.177737] systemd[1]: Mounted Debug File System.
[[0;32m  OK  [0m] Mounted Debug File System.
[   18.199450] systemd[1]: Mounted Huge Pages File System.
[[0;32m  OK  [0m] Mounted Huge Pages File System.
[   18.215431] systemd[1]: Mounted POSIX Message Queue File System.
[[0;32m  OK  [0m] Mounted POSIX Message Queue File System.
[   18.226549] systemd[1]: Started Journal Service.
[[0;32m  OK  [0m] Started Journal Service.
[[0;32m  OK  [0m] Started Create list of required sta...ce nodes for the current kernel.
[[0;32m  OK  [0m] Started Uncomplicated firewall.
[[0;32m  OK  [0m] Started Remount Root and Kernel File Systems.
         Starting Load/Save Random Seed...
         Starting udev Coldplug all Devices...
[   18.407950] iscsi: registered transport (iser)
         Starting Create Static Device Nodes in /dev...
         Starting Flush Journal to Persistent Storage...
[[0;32m  OK  [0m] Started Nameserver information manager.
[[0;32m  OK  [0m] Started Load Kernel Modules.
[[0;32m  OK  [0m] Started Load/Save Random Seed.
         Starting Apply Kernel Variables...
         Mounting FUSE Control File System...
[[0;32m  OK  [0m] Started LVM2 metadata daemon.
[[0;32m  OK  [0m] Mounted FUSE Control File System.
[   18.620088] systemd-journald[375]: Received request to flush runtime journal from PID 1
[[0;32m  OK  [0m] Started Flush Journal to Persistent Storage.
[[0;32m  OK  [0m] Started Set console keymap.
[[0;32m  OK  [0m] Started udev Coldplug all Devices.
[[0;32m  OK  [0m] Started Apply Kernel Variables.
[[0;32m  OK  [0m] Started Monitoring of LVM2 mirrors,...ng dmeventd or progress polling.
[[0;32m  OK  [0m] Started Create Static Device Nodes in /dev.
         Starting udev Kernel Device Manager...
[[0;32m  OK  [0m] Reached target Local File Systems (Pre).
[[0;32m  OK  [0m] Reached target Local File Systems.
         Starting LSB: AppArmor initialization...
         Starting Set console font and keymap...
         Starting Initial cloud-init job (pre-networking)...
         Starting Create Volatile Files and Directories...
         Starting Tell Plymouth To Write Out Runtime Data...
         Starting Commit a transient machine-id on disk...
[[0;32m  OK  [0m] Started Commit a transient machine-id on disk.
[[0;32m  OK  [0m] Started Create Volatile Files and Directories.
         Starting Update UTMP about System Boot/Shutdown...
[[0;32m  OK  [0m] Started Tell Plymouth To Write Out Runtime Data.
[[0;32m  OK  [0m] Started Update UTMP about System Boot/Shutdown.
[[0;32m  OK  [0m] Started udev Kernel Device Manager.
[[0;32m  OK  [0m] Started Dispatch Password Requests to Console Directory Watch.
[[0;32m  OK  [0m] Found device /dev/ttyS0.
[[0;32m  OK  [0m] Listening on Load/Save RF Kill Switch Status /dev/rfkill Watch.
[[0;32m  OK  [0m] Started Set console font and keymap.
[[0;32m  OK  [0m] Created slice system-getty.slice.
[   28.116356] cloud-init[469]: Cloud-init v. 19.4-33-gbb4131a2-0ubuntu1~16.04.1 running 'init-local' at Fri, 17 Jul 2020 14:25:06 +0000. Up 26.25 seconds.
[[0;32m  OK  [0m] Started Initial cloud-init job (pre-networking).
[[0;32m  OK  [0m] Reached target Network (Pre).
[[0;32m  OK  [0m] Started LSB: AppArmor initialization.
         Starting Raise network interfaces...
         Starting Load AppArmor profiles managed internally by snapd...
[[0;32m  OK  [0m] Started Load AppArmor profiles managed internally by snapd.
[[0;32m  OK  [0m] Started Raise network interfaces.
         Starting Initial cloud-init job (metadata service crawler)...
[[0;32m  OK  [0m] Reached target Network.
[   35.164665] cloud-init[949]: Cloud-init v. 19.4-33-gbb4131a2-0ubuntu1~16.04.1 running 'init' at Fri, 17 Jul 2020 14:25:10 +0000. Up 30.80 seconds.
[   35.174790] cloud-init[949]: ci-info: ++++++++++++++++++++++++++++++++++++++Net device info++++++++++++++++++++++++++++++++++++++
[   35.186201] cloud-init[949]: ci-info: +--------+------+----------------------------+---------------+--------+-------------------+
[   35.200887] cloud-init[949]: ci-info: | Device |  Up  |          Address           |      Mask     | Scope  |     Hw-Address    |
[   35.214040] cloud-init[949]: ci-info: +--------+------+----------------------------+---------------+--------+-------------------+
[   35.231573] cloud-init[949]: ci-info: | enp0s3 | True |         10.0.2.15          | 255.255.255.0 | global | 02:a0:c0:04:2d:c8 |
[   35.246755] cloud-init[949]: ci-info: | enp0s3 | True | fe80::a0:c0ff:fe04:2dc8/64 |       .       |  link  | 02:a0:c0:04:2d:c8 |
[   35.261832] cloud-init[949]: ci-info: |   lo   | True |         127.0.0.1          |   255.0.0.0   |  host  |         .         |
[   35.274470] cloud-init[949]: ci-info: |   lo   | True |          ::1/128           |       .       |  host  |         .         |
[   35.286520] cloud-init[949]: ci-info: +--------+------+----------------------------+---------------+--------+-------------------+
[   35.305290] cloud-init[949]: ci-info: +++++++++++++++++++++++++++Route IPv4 info++++++++++++++++++++++++++++
[   35.314823] cloud-init[949]: ci-info: +-------+-------------+----------+---------------+-----------+-------+
[   35.325757] cloud-init[949]: ci-info: | Route | Destination | Gateway  |    Genmask    | Interface | Flags |
[   35.338263] cloud-init[949]: ci-info: +-------+-------------+----------+---------------+-----------+-------+
[   35.352364] cloud-init[949]: ci-info: |   0   |   0.0.0.0   | 10.0.2.2 |    0.0.0.0    |   enp0s3  |   UG  |
[   35.365154] cloud-init[949]: ci-info: |   1   |   10.0.2.0  | 0.0.0.0  | 255.255.255.0 |   enp0s3  |   U   |
[   35.394942] cloud-init[949]: ci-info: +-------+-------------+----------+---------------+-----------+-------+
[   35.405716] cloud-init[949]: ci-info: +++++++++++++++++++Route IPv6 info+++++++++++++++++++
[   35.424768] cloud-init[949]: ci-info: +-------+-------------+---------+-----------+-------+
[   35.439687] cloud-init[949]: ci-info: | Route | Destination | Gateway | Interface | Flags |
[   35.455207] cloud-init[949]: ci-info: +-------+-------------+---------+-----------+-------+
[   35.470909] cloud-init[949]: ci-info: |   0   |  fe80::/64  |    ::   |   enp0s3  |   U   |
[   35.482843] cloud-init[949]: ci-info: |   4   |   ff00::/8  |    ::   |   enp0s3  |   U   |
[   35.496219] cloud-init[949]: ci-info: +-------+-------------+---------+-----------+-------+
[   35.505670] cloud-init[949]: Generating public/private rsa key pair.
[[0;32m  OK  [0m] Started Initial cloud-init job (metadata service crawler).
[[0;32m  OK  [0m] Reached target System Initialization.
[   35.516487] cloud-init[949]: Your identification has been saved in /etc/ssh/ssh_host_rsa_key.
[   35.538442] cloud-init[949]: Your public key has been saved in /etc/ssh/ssh_host_rsa_key.pub.
[   35.547158] [[0;32m  OK  [0m] Started ACPI Events Check.
[[0;32m  OK  [0m] Reached target Paths.
[[0;32m  OK  [0m] Started Daily Cleanup of Temporary Directories.
cloud-init[949]: The key fingerprint is:
[   35.566546] cloud-init[949]: SHA256:Qq/mz8Xw6PBbR6ms+hzD6p6eYYnzKGehy+fr198KZow root@ubuntu-xenial
[   35.574962] cloud-init[949]: The key's randomart image is:
[   35.581390] cloud-init[949]: +---[RSA 2048]----+
         Starting LXD - unix socket.
[[0;32m  OK  [0m] Started Message of the Day.
[[   35.588044] cloud-init[0;32m  OK  [0m] Started Daily apt download activities.
[[0;32m  OK  [0m] Started Daily apt upgrade and clean activities.
[[0;32m  OK  [0m] Reached target Timers.
[[0;32m  OK  [0m] Listening on ACPID Listen Socket.
         Starting Socket activation for snappy daemon.
[[0;32m  OK  [0m] Listening on UUID daemon activation socket.
[949]: |                 |
[[0;32m  OK  [0m] Listening on D-Bus System Message Bus Socket.
[[0;32m  OK  [0m] Reached target Network is Online.
[   35.639703] cloud-init[949]: |                 |         Starting iSCSI initiator daemon (iscsid)...
[[0;32m  OK  [0m] Reached target Cloud-config availability.

[   35.654898] cloud-init[[0;32m  OK  [0m] Listening on LXD - unix socket.
[[0;32m  OK  [0m] Listening on Socket activation for snappy daemon.
[[0;32m  OK  [0m] Reached target Sockets.
[[0;32m  OK  [0m] Reached target Basic System.
[949]: |      .          |
[   35.673378]          Starting System Logging Service...
cloud-init[949]: |     . .     .   |
[   35.681472] cloud-init[949]:          Starting LSB: Record successful boot for GRUB...
|      . S   o    |         Starting Login Service...

[   35.696959] cloud-init[949]: |    .. B * o     |
[   35.708609]          Starting LSB: MD monitoring daemon...
cloud-init[949]: |   .o.E.X B .    |
[   35.724548]          Starting Pollinate to seed the pseudo random number generator...
cloud-init[949]: | .o +B.&.B o     |
[   35.741538] cloud-init[949]: |  oO=*@+Xoo..    |
[   35.748382] cloud-init[[0;32m  OK  [0m] Started Regular background program processing daemon.
[[0;32m  OK  [0m] Started FUSE filesystem for LXC.
[949]: +----[SHA256]-----+
[   35.767514] cloud-init[949]: Generating public/private dsa key pair.         Starting Accounts Service...

[   35.783962] cloud-init[949]: Your identification has been saved in /etc/ssh/ssh_host_dsa_key.
[   35.793604] cloud-init[949]: Your public key has been saved in /etc/ssh/ssh_host_dsa_key.pub.
[   35.802459] cloud-init[949]: The key fingerprint is:
[   35.813118] cloud-init[949]: SHA256:/g80KRZ1L8TKcxMyzWM7TOGmI3t2WPdxSLp+W6CabHY root@ubuntu-xenial
[   35.823208] cloud-init[949]: The key's randomart image is:
[   35.829901] cloud-init[949]: +---[DSA 1024]----+
[   35.836804] cloud-init[949]: |          .++.   |
[   35.843471] cloud-init[949]: |         .o+O.   |
[   35.849321] cloud-init[949]: |        .. B++o  |
[   35.855133] cloud-init[949]: |         .++*+ . |
[   35.863563] cloud-init[949]: |        S *ooo+..|
[   35.870952] cloud-init[949]: |       o = = + oo|
[   35.882501] cloud-init[949]: |        o = +   o|
[   35.894244] cloud-init[949]: |         =o*E .. |
[   35.907358] cloud-init[949]: |         o=oo... |
[   35.916465] cloud-init[949]: +----[SHA256]-----+         Starting Snap Daemon...

[[0;32m  OK  [0m] Started Deferred execution scheduler.
[   35.927628] cloud-init         Starting Virtualbox guest utils...
[949]: Generating public/private ecdsa key pair.
[   35.952814] cloud-init[949]: Your identification has been saved in /etc/ssh/ssh_host_ecdsa_key.
[   35.968906] cloud-init[949]: Your public key has been saved in /etc/ssh/ssh_host_ecdsa_key.pub.
[   35.981907] cloud-init[949]: The key fingerprint is:
[   35.992035] cloud-init[949]: SHA256:7UpASQJAO3uZfdC8lsKFLkHkH3QXJ3I4Gobz4TJiA2A root@ubuntu-xenial
[[0;32m  OK  [0m] Started ACPI event daemon.
         Starting LXD - container startup/shutdown...
[   36.015044] [[0;32m  OK  [0m] Started D-Bus System Message Bus.
cloud-init[949]: The key's randomart image is:
[   36.059745] cloud-init[949]: +---[ECDSA 256]---+
[   36.065918] cloud-init[949]: |=Eo+o..o.=..     |
[   36.073768] cloud-init[949]: |o +o.*=++ o      |
[   36.078607] cloud-init[949]: |.o o=+*+.        |
[   36.086207] cloud-init[949]: | +ooO=+ o.       |
[   36.092296] cloud-init[949]: |..o=o*.=S .      |
[   36.098589] cloud-init[949]: |  . . +. .       |
[   36.112803] cloud-init[949]: |        . .      |
[   36.119541] cloud-init[949]: |       . .       |
[   36.125763] cloud-init[949]: |        .        |
[   36.131218] cloud-init[949]: +----[SHA256]-----+
[   36.137250] cloud-init[949]: Generating public/private ed25519 key pair.
[   36.143502] cloud-init[949]: Your identification has been saved in /etc/ssh/ssh_host_ed25519_key.
[   36.154709] cloud-init[949]: Your public key has been saved in /etc/ssh/ssh_host_ed25519_key.pub.
[   36.164063] cloud-init[949]: The key fingerprint is:
[   36.169707] cloud-init[949]: SHA256:40SuNtDsrY5/Xuu5T0cVMHe/ER5cnKRRCEmpC6w/SoI root@ubuntu-xenial
[   36.178161] cloud-init[949]: The key's randomart image is:
[   36.183285] cloud-init[949]: +--[ED25519 256]--+
[   36.190068] cloud-init[949]: |          .o++*O=|
[   36.199125] cloud-init[949]: |           o .*oB|
[   36.205568] cloud-init[949]: |      . . .  . oo|
[   36.211800] cloud-init[949]: |     o = .     .o|
[   36.218628] cloud-init[949]: |    . + S .   .. |
[   36.225039] cloud-init[949]: |  .  + = o   .   |
[   36.230881] cloud-init[949]: | E . .* o . . .  |
[   36.237378] cloud-init[949]: |    oo =.. + .   |
[   36.245783] cloud-init[949]: |    .+=oo.=o.    |
[   36.252981] cloud-init[949]: +----[SHA256]-----+
         Starting /etc/rc.local Compatibility...
[[0;32m  OK  [0m] Started System Logging Service.
[[0;32m  OK  [0m] Started /etc/rc.local Compatibility.
[[0;32m  OK  [0m] Started Login Service.
[[0;32m  OK  [0m] Started Unattended Upgrades Shutdown.
[[0;32m  OK  [0m] Started LSB: Record successful boot for GRUB.
[[0;32m  OK  [0m] Started iSCSI initiator daemon (iscsid).
         Starting Login to default iSCSI targets...
[[0;32m  OK  [0m] Started LSB: MD monitoring daemon.
[[0;32m  OK  [0m] Started Login to default iSCSI targets.
[[0;32m  OK  [0m] Reached target Remote File Systems (Pre).
[[0;32m  OK  [0m] Reached target Remote File Systems.
         Starting LSB: Set the CPU Frequency Scaling governor to "ondemand"...
         Starting LSB: daemon to balance interrupts for SMP systems...
         Starting Permit User Sessions...
         Starting LSB: automatic crash report generation...
[[0;32m  OK  [0m] Started Permit User Sessions.
         Starting Terminate Plymouth Boot Screen...
         Starting Hold until boot process finishes up...
         Starting Authenticate and Authorize Users to Run Privileged Tasks...
[[0;32m  OK  [0m] Started Terminate Plymouth Boot Screen.
[[0;32m  OK  [0m] Started Hold until boot process finishes up.
[[0;32m  OK  [0m] Started Serial Getty on ttyS0.
         Starting Set console scheme...
[[0;32m  OK  [0m] Started Getty on tty1.
[[0;32m  OK  [0m] Reached target Login Prompts.
[[0;32m  OK  [0m] Started LSB: Set the CPU Frequency Scaling governor to "ondemand".
[[0;32m  OK  [0m] Started Set console scheme.
[[0;32m  OK  [0m] Started LSB: automatic crash report generation.
[[0;32m  OK  [0m] Started LSB: daemon to balance interrupts for SMP systems.
[[0;32m  OK  [0m] Started Virtualbox guest utils.
[[0;32m  OK  [0m] Started Authenticate and Authorize Users to Run Privileged Tasks.
[[0;32m  OK  [0m] Started Accounts Service.

Ubuntu 16.04.6 LTS ubuntu-xenial ttyS0

ubuntu-xenial login: [   55.716750] cloud-init[1299]: Generating locales (this might take a while)...
[   61.753800] cloud-init[1299]:   en_US.UTF-8... done
[   61.762563] cloud-init[1299]: Generation complete.
[   64.792579] cloud-init[1299]: Cloud-init v. 19.4-33-gbb4131a2-0ubuntu1~16.04.1 running 'modules:config' at Fri, 17 Jul 2020 14:25:34 +0000. Up 54.83 seconds.
ci-info: no authorized SSH keys fingerprints found for user ubuntu.
<14>Jul 17 14:25:49 ec2: 
<14>Jul 17 14:25:49 ec2: #############################################################
<14>Jul 17 14:25:49 ec2: -----BEGIN SSH HOST KEY FINGERPRINTS-----
<14>Jul 17 14:25:49 ec2: 1024 SHA256:/g80KRZ1L8TKcxMyzWM7TOGmI3t2WPdxSLp+W6CabHY root@ubuntu-xenial (DSA)
<14>Jul 17 14:25:49 ec2: 256 SHA256:7UpASQJAO3uZfdC8lsKFLkHkH3QXJ3I4Gobz4TJiA2A root@ubuntu-xenial (ECDSA)
<14>Jul 17 14:25:49 ec2: 256 SHA256:40SuNtDsrY5/Xuu5T0cVMHe/ER5cnKRRCEmpC6w/SoI root@ubuntu-xenial (ED25519)
<14>Jul 17 14:25:49 ec2: 2048 SHA256:Qq/mz8Xw6PBbR6ms+hzD6p6eYYnzKGehy+fr198KZow root@ubuntu-xenial (RSA)
<14>Jul 17 14:25:49 ec2: -----END SSH HOST KEY FINGERPRINTS-----
<14>Jul 17 14:25:49 ec2: #############################################################
-----BEGIN SSH HOST KEY KEYS-----
ecdsa-sha2-nistp256 AAAAE2VjZHNhLXNoYTItbmlzdHAyNTYAAAAIbmlzdHAyNTYAAABBBIHX+8HLg4cX784dd8dANdyTr3EegUT11ZkoYS+vC8xJ3u6DqEFBAMnL+g6wx9wWEg0SyHlCvmlaj8fpk5KH13Q= root@ubuntu-xenial
ssh-ed25519 AAAAC3NzaC1lZDI1NTE5AAAAIK+t4wb0NUOI3OgW6M3WzJOTjptse8iByqqjs7GPSwWp root@ubuntu-xenial
ssh-rsa AAAAB3NzaC1yc2EAAAADAQABAAABAQDMKAEkMumTa3bVKBEmSQzSuSS9xNUAREO0yhnlbO4T9rvgHukaCWL1nOD/Jp640lgclh7Z1VtoVCrZXakY+I7nsNUMQEZ9O8Dl0zj7Wx2chDu1L1073+u1p+pnK6P13Ua8B6Pz5JiuGAgSnG1gEIlBPx5rR9c7QjXPkN/KVyjHZjzRqYW/BJimdhIIPZJXqEUnQgZN/GCeBRChcXJ0q1TFAQdiDF6HDY34jtI+O+7yXHMgvhRpPlcvF6zoTCgUsKayAeoeI8y1yqIh2z9VenPi+fcGi7v4CNO8prGUf34/wjxLHEh4vjgjyz1BU6TYWwaLSBUMZkgZ80MT/2DT4ZEb root@ubuntu-xenial
-----END SSH HOST KEY KEYS-----
[   70.123421] cloud-init[1561]: Cloud-init v. 19.4-33-gbb4131a2-0ubuntu1~16.04.1 running 'modules:final' at Fri, 17 Jul 2020 14:25:46 +0000. Up 66.98 seconds.
[   70.126606] cloud-init[1561]: ci-info: no authorized SSH keys fingerprints found for user ubuntu.
[   70.131494] cloud-init[1561]: Cloud-init v. 19.4-33-gbb4131a2-0ubuntu1~16.04.1 finished at Fri, 17 Jul 2020 14:25:49 +0000. Datasource DataSourceNoCloud [seed=/dev/sdb][dsmode=net].  Up 70.06 seconds
